###############################################################################
#
# IAR ELF Linker V7.60.2.11341/W32 for ARM                03/Jan/2018  23:20:56
# Copyright 2007-2016 IAR Systems AB.
#
#    Output file  =  F:\work\gpio_test\EWARM\gpio_test\Exe\gpio_test.out
#    Map file     =  F:\work\gpio_test\EWARM\gpio_test\List\gpio_test.map
#    Command line =  
#        F:\work\gpio_test\EWARM\gpio_test\Obj\main.o
#        F:\work\gpio_test\EWARM\gpio_test\Obj\startup_stm32f407xx.o
#        F:\work\gpio_test\EWARM\gpio_test\Obj\stm32f4xx_hal.o
#        F:\work\gpio_test\EWARM\gpio_test\Obj\stm32f4xx_hal_cortex.o
#        F:\work\gpio_test\EWARM\gpio_test\Obj\stm32f4xx_hal_dma.o
#        F:\work\gpio_test\EWARM\gpio_test\Obj\stm32f4xx_hal_dma_ex.o
#        F:\work\gpio_test\EWARM\gpio_test\Obj\stm32f4xx_hal_flash.o
#        F:\work\gpio_test\EWARM\gpio_test\Obj\stm32f4xx_hal_flash_ex.o
#        F:\work\gpio_test\EWARM\gpio_test\Obj\stm32f4xx_hal_flash_ramfunc.o
#        F:\work\gpio_test\EWARM\gpio_test\Obj\stm32f4xx_hal_gpio.o
#        F:\work\gpio_test\EWARM\gpio_test\Obj\stm32f4xx_hal_msp.o
#        F:\work\gpio_test\EWARM\gpio_test\Obj\stm32f4xx_hal_pwr.o
#        F:\work\gpio_test\EWARM\gpio_test\Obj\stm32f4xx_hal_pwr_ex.o
#        F:\work\gpio_test\EWARM\gpio_test\Obj\stm32f4xx_hal_rcc.o
#        F:\work\gpio_test\EWARM\gpio_test\Obj\stm32f4xx_hal_rcc_ex.o
#        F:\work\gpio_test\EWARM\gpio_test\Obj\stm32f4xx_hal_tim.o
#        F:\work\gpio_test\EWARM\gpio_test\Obj\stm32f4xx_hal_tim_ex.o
#        F:\work\gpio_test\EWARM\gpio_test\Obj\stm32f4xx_it.o
#        F:\work\gpio_test\EWARM\gpio_test\Obj\system_stm32f4xx.o --redirect
#        _Printf=_PrintfFull --redirect _Scanf=_ScanfFull -o
#        F:\work\gpio_test\EWARM\gpio_test\Exe\gpio_test.out --map
#        F:\work\gpio_test\EWARM\gpio_test\List\gpio_test.map --config
#        F:\work\gpio_test\EWARM/stm32f407xx_flash.icf --semihosting --entry
#        __iar_program_start --vfe
#
###############################################################################

*******************************************************************************
*** RUNTIME MODEL ATTRIBUTES
***

CppFlavor       = *
__SystemLibrary = DLib


*******************************************************************************
*** PLACEMENT SUMMARY
***

"A1":  place at 0x08000000 { ro section .intvec };
"P1":  place in [from 0x08000000 to 0x080fffff] { ro };
"P2":  place in [from 0x20000000 to 0x2001ffff] { rw, block CSTACK, block HEAP };
initialize by copy { rw };

  Section            Kind        Address    Size  Object
  -------            ----        -------    ----  ------
"A1":                                      0x188
  .intvec            ro code  0x08000000   0x188  startup_stm32f407xx.o [1]
                            - 0x08000188   0x188

"P1":                                     0x12e0
  .text              ro code  0x08000188   0x5e0  stm32f4xx_hal_rcc.o [1]
  .text              ro code  0x08000768    0x7c  stm32f4xx_hal.o [1]
  .text              ro code  0x080007e4   0x146  stm32f4xx_hal_cortex.o [1]
  .text              ro code  0x0800092c    0x90  stm32f4xx_hal_msp.o [1]
  .text              ro code  0x080009bc   0x30a  stm32f4xx_hal_tim.o [1]
  .text              ro code  0x08000cc8   0x230  stm32f4xx_hal_gpio.o [1]
  .text              ro code  0x08000ef8   0x1f2  main.o [1]
  .text              ro code  0x080010ec    0x5e  stm32f4xx_hal_tim_ex.o [1]
  .text              ro code  0x0800114c    0x6c  system_stm32f4xx.o [1]
  .text              ro code  0x080011b8    0x40  zero_init3.o [5]
  .text              ro code  0x080011f8    0x2c  copy_init3.o [5]
  .text              ro code  0x08001224    0x28  data_init.o [5]
  .text              ro code  0x0800124c    0x22  fpinit_M.o [4]
  .iar.init_table    const    0x08001270    0x24  - Linker created -
  .text              ro code  0x08001294    0x1c  stm32f4xx_it.o [1]
  .text              ro code  0x080012b0    0x1a  cmain.o [5]
  .text              ro code  0x080012ca     0x4  low_level_init.o [3]
  .text              ro code  0x080012ce     0x4  exit.o [3]
  .text              ro code  0x080012d4     0xa  cexit.o [5]
  .text              ro code  0x080012e0    0x14  exit.o [6]
  .rodata            const    0x080012f4    0x10  stm32f4xx_hal_rcc.o [1]
  .text              ro code  0x08001304    0x10  startup_stm32f407xx.o [1]
  .text              ro code  0x08001314     0xc  cstartup_M.o [5]
  .text              ro code  0x08001320     0x4  startup_stm32f407xx.o [1]
  .text              ro code  0x08001324     0x4  startup_stm32f407xx.o [1]
  .text              ro code  0x08001328     0x4  startup_stm32f407xx.o [1]
  .text              ro code  0x0800132c     0x4  startup_stm32f407xx.o [1]
  .text              ro code  0x08001330     0x4  startup_stm32f407xx.o [1]
  .text              ro code  0x08001334     0x4  startup_stm32f407xx.o [1]
  .text              ro code  0x08001338     0x4  startup_stm32f407xx.o [1]
  .text              ro code  0x0800133c     0x4  startup_stm32f407xx.o [1]
  .text              ro code  0x08001340     0x4  startup_stm32f407xx.o [1]
  .text              ro code  0x08001344     0x4  startup_stm32f407xx.o [1]
  .text              ro code  0x08001348     0x4  startup_stm32f407xx.o [1]
  .text              ro code  0x0800134c     0x4  startup_stm32f407xx.o [1]
  .text              ro code  0x08001350     0x4  startup_stm32f407xx.o [1]
  .text              ro code  0x08001354     0x4  startup_stm32f407xx.o [1]
  .text              ro code  0x08001358     0x4  startup_stm32f407xx.o [1]
  .text              ro code  0x0800135c     0x4  startup_stm32f407xx.o [1]
  .text              ro code  0x08001360     0x4  startup_stm32f407xx.o [1]
  .text              ro code  0x08001364     0x4  startup_stm32f407xx.o [1]
  .text              ro code  0x08001368     0x4  startup_stm32f407xx.o [1]
  .text              ro code  0x0800136c     0x4  startup_stm32f407xx.o [1]
  .text              ro code  0x08001370     0x4  startup_stm32f407xx.o [1]
  .text              ro code  0x08001374     0x4  startup_stm32f407xx.o [1]
  .text              ro code  0x08001378     0x4  startup_stm32f407xx.o [1]
  .text              ro code  0x0800137c     0x4  startup_stm32f407xx.o [1]
  .text              ro code  0x08001380     0x4  startup_stm32f407xx.o [1]
  .text              ro code  0x08001384     0x4  startup_stm32f407xx.o [1]
  .text              ro code  0x08001388     0x4  startup_stm32f407xx.o [1]
  .text              ro code  0x0800138c     0x4  startup_stm32f407xx.o [1]
  .text              ro code  0x08001390     0x4  startup_stm32f407xx.o [1]
  .text              ro code  0x08001394     0x4  startup_stm32f407xx.o [1]
  .text              ro code  0x08001398     0x4  startup_stm32f407xx.o [1]
  .text              ro code  0x0800139c     0x4  startup_stm32f407xx.o [1]
  .text              ro code  0x080013a0     0x4  startup_stm32f407xx.o [1]
  .text              ro code  0x080013a4     0x4  startup_stm32f407xx.o [1]
  .text              ro code  0x080013a8     0x4  startup_stm32f407xx.o [1]
  .text              ro code  0x080013ac     0x4  startup_stm32f407xx.o [1]
  .text              ro code  0x080013b0     0x4  startup_stm32f407xx.o [1]
  .text              ro code  0x080013b4     0x4  startup_stm32f407xx.o [1]
  .text              ro code  0x080013b8     0x4  startup_stm32f407xx.o [1]
  .text              ro code  0x080013bc     0x4  startup_stm32f407xx.o [1]
  .text              ro code  0x080013c0     0x4  startup_stm32f407xx.o [1]
  .text              ro code  0x080013c4     0x4  startup_stm32f407xx.o [1]
  .text              ro code  0x080013c8     0x4  startup_stm32f407xx.o [1]
  .text              ro code  0x080013cc     0x4  startup_stm32f407xx.o [1]
  .text              ro code  0x080013d0     0x4  startup_stm32f407xx.o [1]
  .text              ro code  0x080013d4     0x4  startup_stm32f407xx.o [1]
  .text              ro code  0x080013d8     0x4  startup_stm32f407xx.o [1]
  .text              ro code  0x080013dc     0x4  startup_stm32f407xx.o [1]
  .text              ro code  0x080013e0     0x4  startup_stm32f407xx.o [1]
  .text              ro code  0x080013e4     0x4  startup_stm32f407xx.o [1]
  .text              ro code  0x080013e8     0x4  startup_stm32f407xx.o [1]
  .text              ro code  0x080013ec     0x4  startup_stm32f407xx.o [1]
  .text              ro code  0x080013f0     0x4  startup_stm32f407xx.o [1]
  .text              ro code  0x080013f4     0x4  startup_stm32f407xx.o [1]
  .text              ro code  0x080013f8     0x4  startup_stm32f407xx.o [1]
  .text              ro code  0x080013fc     0x4  startup_stm32f407xx.o [1]
  .text              ro code  0x08001400     0x4  startup_stm32f407xx.o [1]
  .text              ro code  0x08001404     0x4  startup_stm32f407xx.o [1]
  .text              ro code  0x08001408     0x4  startup_stm32f407xx.o [1]
  .text              ro code  0x0800140c     0x4  startup_stm32f407xx.o [1]
  .text              ro code  0x08001410     0x4  startup_stm32f407xx.o [1]
  .text              ro code  0x08001414     0x4  startup_stm32f407xx.o [1]
  .text              ro code  0x08001418     0x4  startup_stm32f407xx.o [1]
  .text              ro code  0x0800141c     0x4  startup_stm32f407xx.o [1]
  .text              ro code  0x08001420     0x4  startup_stm32f407xx.o [1]
  .text              ro code  0x08001424     0x4  startup_stm32f407xx.o [1]
  .text              ro code  0x08001428     0x4  startup_stm32f407xx.o [1]
  .text              ro code  0x0800142c     0x4  startup_stm32f407xx.o [1]
  .text              ro code  0x08001430     0x4  startup_stm32f407xx.o [1]
  .text              ro code  0x08001434     0x4  startup_stm32f407xx.o [1]
  .text              ro code  0x08001438     0x4  startup_stm32f407xx.o [1]
  .text              ro code  0x0800143c     0x4  startup_stm32f407xx.o [1]
  .text              ro code  0x08001440     0x4  startup_stm32f407xx.o [1]
  .text              ro code  0x08001444     0x4  startup_stm32f407xx.o [1]
  .text              ro code  0x08001448     0x4  startup_stm32f407xx.o [1]
  .text              ro code  0x0800144c     0x4  startup_stm32f407xx.o [1]
  .text              ro code  0x08001450     0x4  startup_stm32f407xx.o [1]
  .text              ro code  0x08001454     0x4  startup_stm32f407xx.o [1]
  .text              ro code  0x08001458     0x4  startup_stm32f407xx.o [1]
  .text              ro code  0x0800145c     0x4  startup_stm32f407xx.o [1]
  .text              ro code  0x08001460     0x4  startup_stm32f407xx.o [1]
  Initializer bytes  const    0x08001464     0x4  <for P2-1>
  .rodata            const    0x08001468     0x0  zero_init3.o [5]
  .rodata            const    0x08001468     0x0  copy_init3.o [5]
                            - 0x08001468  0x12e0

"P2", part 1 of 3:                           0x4
  P2-1                        0x20000000     0x4  <Init block>
    .data            inited   0x20000000     0x4  system_stm32f4xx.o [1]
                            - 0x20000004     0x4

"P2", part 2 of 3:                         0x400
  CSTACK                      0x20000008   0x400  <Block>
    CSTACK           uninit   0x20000008   0x400  <Block tail>
                            - 0x20000408   0x400

"P2", part 3 of 3:                          0x58
  .bss               zero     0x20000408    0x3c  main.o [1]
  .bss               zero     0x20000444    0x14  main.o [1]
  .bss               zero     0x20000458     0x4  main.o [1]
  .bss               zero     0x2000045c     0x4  stm32f4xx_hal.o [1]
                            - 0x20000460    0x58


*******************************************************************************
*** INIT TABLE
***

          Address     Size
          -------     ----
Zero (__iar_zero_init3)
    1 destination range, total size 0x58:
          0x20000408  0x58

Copy (__iar_copy_init3)
    1 source range, total size 0x4:
          0x08001464   0x4
    1 destination range, total size 0x4:
          0x20000000   0x4



*******************************************************************************
*** MODULE SUMMARY
***

    Module                  ro code  ro data  rw data
    ------                  -------  -------  -------
F:\work\gpio_test\EWARM\gpio_test\Obj: [1]
    main.o                      498                84
    startup_stm32f407xx.o       732
    stm32f4xx_hal.o             124                 4
    stm32f4xx_hal_cortex.o      326
    stm32f4xx_hal_gpio.o        560
    stm32f4xx_hal_msp.o         144
    stm32f4xx_hal_rcc.o       1 504       16
    stm32f4xx_hal_tim.o         778
    stm32f4xx_hal_tim_ex.o       94
    stm32f4xx_it.o               28
    system_stm32f4xx.o          108        4        4
    -------------------------------------------------
    Total:                    4 896       20       92

command line: [2]
    -------------------------------------------------
    Total:

dl7M_tlf.a: [3]
    exit.o                        4
    low_level_init.o              4
    -------------------------------------------------
    Total:                        8

m7M_tls.a: [4]
    fpinit_M.o                   34
    -------------------------------------------------
    Total:                       34

rt7M_tl.a: [5]
    cexit.o                      10
    cmain.o                      26
    copy_init3.o                 44
    cstartup_M.o                 12
    data_init.o                  40
    zero_init3.o                 64
    -------------------------------------------------
    Total:                      196

shb_l.a: [6]
    exit.o                       20
    -------------------------------------------------
    Total:                       20

    Gaps                         12        2
    Linker created                        36    1 024
-----------------------------------------------------
    Grand Total:              5 166       58    1 116


*******************************************************************************
*** ENTRY LIST
***

Entry                      Address   Size  Type      Object
-----                      -------   ----  ----      ------
.iar.init_table$$Base   0x08001270          --   Gb  - Linker created -
.iar.init_table$$Limit  0x08001294          --   Gb  - Linker created -
?main                   0x080012b1         Code  Gb  cmain.o [5]
APBAHBPrescTable        0x080012f4   0x10  Data  Gb  stm32f4xx_hal_rcc.o [1]
BusFault_Handler        0x0800129b    0x2  Code  Gb  stm32f4xx_it.o [1]
CSTACK$$Base            0x20000008          --   Gb  - Linker created -
CSTACK$$Limit           0x20000408          --   Gb  - Linker created -
DebugMon_Handler        0x080012a1    0x2  Code  Gb  stm32f4xx_it.o [1]
Error_Handler           0x080010e9    0x2  Code  Gb  main.o [1]
GPIOE_InitStruct        0x20000444   0x14  Data  Gb  main.o [1]
HAL_GPIO_Init           0x08000cc9  0x1e4  Code  Gb  stm32f4xx_hal_gpio.o [1]
HAL_GPIO_WritePin       0x08000ead   0x14  Code  Gb  stm32f4xx_hal_gpio.o [1]
HAL_GetTick             0x080007d3    0x6  Code  Wk  stm32f4xx_hal.o [1]
HAL_IncTick             0x080007c7    0xc  Code  Wk  stm32f4xx_hal.o [1]
HAL_Init                0x08000769   0x3a  Code  Gb  stm32f4xx_hal.o [1]
HAL_InitTick            0x080007a3   0x24  Code  Wk  stm32f4xx_hal.o [1]
HAL_MspInit             0x0800092d   0x5e  Code  Gb  stm32f4xx_hal_msp.o [1]
HAL_NVIC_SetPriority    0x080008ad   0x26  Code  Gb  stm32f4xx_hal_cortex.o [1]
HAL_NVIC_SetPriorityGrouping
                        0x080008a1    0xc  Code  Gb  stm32f4xx_hal_cortex.o [1]
HAL_RCC_ClockConfig     0x080004c5  0x1b4  Code  Gb  stm32f4xx_hal_rcc.o [1]
HAL_RCC_GetHCLKFreq     0x0800071d    0x6  Code  Gb  stm32f4xx_hal_rcc.o [1]
HAL_RCC_GetSysClockFreq
                        0x08000679   0xa4  Code  Wk  stm32f4xx_hal_rcc.o [1]
HAL_RCC_OscConfig       0x08000189  0x33c  Code  Wk  stm32f4xx_hal_rcc.o [1]
HAL_SYSTICK_CLKSourceConfig
                        0x080008df   0x22  Code  Gb  stm32f4xx_hal_cortex.o [1]
HAL_SYSTICK_Callback    0x08000929    0x2  Code  Wk  stm32f4xx_hal_cortex.o [1]
HAL_SYSTICK_Config      0x080008d3    0xc  Code  Gb  stm32f4xx_hal_cortex.o [1]
HAL_SYSTICK_IRQHandler  0x08000921    0x8  Code  Gb  stm32f4xx_hal_cortex.o [1]
HAL_TIMEx_MasterConfigSynchronization
                        0x080010ed   0x5e  Code  Gb  stm32f4xx_hal_tim_ex.o [1]
HAL_TIM_Base_Init       0x080009bd   0x38  Code  Gb  stm32f4xx_hal_tim.o [1]
HAL_TIM_Base_MspInit    0x0800098b   0x2a  Code  Gb  stm32f4xx_hal_msp.o [1]
HAL_TIM_ConfigClockSource
                        0x080009f5  0x122  Code  Gb  stm32f4xx_hal_tim.o [1]
HardFault_Handler       0x08001297    0x2  Code  Gb  stm32f4xx_it.o [1]
MX_GPIO_Init            0x0800106d   0x5a  Code  Lc  main.o [1]
MX_TIM1_Init            0x08001005   0x68  Code  Lc  main.o [1]
MemManage_Handler       0x08001299    0x2  Code  Gb  stm32f4xx_it.o [1]
NMI_Handler             0x08001295    0x2  Code  Gb  stm32f4xx_it.o [1]
NVIC_EncodePriority     0x08000833   0x3e  Code  Lc  stm32f4xx_hal_cortex.o [1]
NVIC_GetPriorityGrouping
                        0x08000803    0xa  Code  Lc  stm32f4xx_hal_cortex.o [1]
NVIC_SetPriority        0x0800080d   0x26  Code  Lc  stm32f4xx_hal_cortex.o [1]
NVIC_SetPriorityGrouping
                        0x080007e5   0x1e  Code  Lc  stm32f4xx_hal_cortex.o [1]
PendSV_Handler          0x080012a3    0x2  Code  Gb  stm32f4xx_it.o [1]
Region$$Table$$Base     0x08001270          --   Gb  - Linker created -
Region$$Table$$Limit    0x08001294          --   Gb  - Linker created -
SVC_Handler             0x0800129f    0x2  Code  Gb  stm32f4xx_it.o [1]
SysTick_Config          0x08000871   0x30  Code  Lc  stm32f4xx_hal_cortex.o [1]
SysTick_Handler         0x080012a5    0xc  Code  Gb  stm32f4xx_it.o [1]
SystemClock_Config      0x08000f4b   0xba  Code  Gb  main.o [1]
SystemCoreClock         0x20000000    0x4  Data  Gb  system_stm32f4xx.o [1]
SystemInit              0x0800114d   0x4c  Code  Gb  system_stm32f4xx.o [1]
TIM_Base_SetConfig      0x08000b17   0xec  Code  Gb  stm32f4xx_hal_tim.o [1]
TIM_ETR_SetConfig       0x08000cab   0x1c  Code  Lc  stm32f4xx_hal_tim.o [1]
TIM_ITRx_SetConfig      0x08000c93   0x18  Code  Lc  stm32f4xx_hal_tim.o [1]
TIM_TI1_ConfigInputStage
                        0x08000c31   0x30  Code  Lc  stm32f4xx_hal_tim.o [1]
TIM_TI2_ConfigInputStage
                        0x08000c61   0x32  Code  Lc  stm32f4xx_hal_tim.o [1]
UsageFault_Handler      0x0800129d    0x2  Code  Gb  stm32f4xx_it.o [1]
__cmain                 0x080012b1         Code  Gb  cmain.o [5]
__exit                  0x080012e1   0x14  Code  Gb  exit.o [6]
__iar_copy_init3        0x080011f9   0x2c  Code  Gb  copy_init3.o [5]
__iar_data_init3        0x08001225   0x28  Code  Gb  data_init.o [5]
__iar_init_vfp          0x0800124d         Code  Gb  fpinit_M.o [4]
__iar_program_start     0x08001315         Code  Gb  cstartup_M.o [5]
__iar_zero_init3        0x080011b9   0x40  Code  Gb  zero_init3.o [5]
__low_level_init        0x080012cb    0x4  Code  Gb  low_level_init.o [3]
__vector_table          0x08000000         Data  Gb  startup_stm32f407xx.o [1]
_call_main              0x080012bd         Code  Gb  cmain.o [5]
_exit                   0x080012d5         Code  Gb  cexit.o [5]
_main                   0x080012c7         Code  Gb  cmain.o [5]
cnt                     0x20000458    0x4  Data  Gb  main.o [1]
exit                    0x080012cf    0x4  Code  Gb  exit.o [3]
htim1                   0x20000408   0x3c  Data  Gb  main.o [1]
main                    0x08000ef9   0x52  Code  Gb  main.o [1]
uwTick                  0x2000045c    0x4  Data  Gb  stm32f4xx_hal.o [1]


[1] = F:\work\gpio_test\EWARM\gpio_test\Obj
[2] = command line
[3] = dl7M_tlf.a
[4] = m7M_tls.a
[5] = rt7M_tl.a
[6] = shb_l.a

  5 166 bytes of readonly  code memory
     58 bytes of readonly  data memory
  1 116 bytes of readwrite data memory

Errors: none
Warnings: none
